// Vitest Snapshot v1

exports[` 1`] = `undefined`;
